// Jest Snapshot v1, https://jestjs.io/docs/snapshot-testing

exports[`Page renders homepage unchanged 1`] = `
<div>
  <main
    class="flex h-screen w-screen flex-col items-center justify-center bg-background text-foreground"
  >
    <div
      class="flex flex-col items-center gap-6 text-center"
    >
      <h1
        class="text-5xl font-bold tracking-tight md:text-6xl"
      >
        Welcome to Alora
      </h1>
      <p
        class="max-w-xl text-lg text-muted-foreground"
      >
        Your intelligent automotive co-pilot. Plan trips, diagnose issues, and explore your vehicle's features with the power of conversational AI.
      </p>
      <a
        href="/map"
      >
        <button
          class="inline-flex items-center justify-center gap-2 whitespace-nowrap text-sm font-medium transition-all disabled:pointer-events-none disabled:opacity-50 [&_svg]:pointer-events-none [&_svg:not([class*='size-'])]:size-4 shrink-0 [&_svg]:shrink-0 outline-none focus-visible:border-ring focus-visible:ring-ring/50 focus-visible:ring-[3px] aria-invalid:ring-destructive/20 dark:aria-invalid:ring-destructive/40 aria-invalid:border-destructive bg-primary text-primary-foreground hover:bg-primary/90 h-10 rounded-md px-6 has-[>svg]:px-4 mt-4"
          data-slot="button"
        >
          Launch Co-Pilot
        </button>
      </a>
    </div>
  </main>
</div>
`;
